(|((1 + --2) - x)| * 2)
x has no value.
(|((1 + --2) - 9)| * 2)
12
(|((1 + --2) - 9)| * 2)
12
